{
  "assets": {},
  "config": {
    "dry_run": true,
    "metadata": {},
    "persist": false,
    "pov": "mc",
    "prompt_packs": [],
    "seed": 1337,
    "variables": {},
    "workflow": "default",
    "worldline": null
  },
  "digest": "e9ad8680011e34a249170d17f37d3bb22f31bf73b4fbc03aa3cf4a7ad9651c1b",
  "final": {
    "assets": {},
    "available_choices": [],
    "finished": true,
    "history": [
      {
        "choice": null,
        "node": "vn_st_sample_mc_i_ve_tracked_you_here_villain_n001"
      },
      {
        "choice": "vn_st_sample_mc_i_ve_tracked_you_here_villain_n001_auto",
        "node": "vn_st_sample_mc_i_ve_tracked_you_here_villain_n001"
      },
      {
        "choice": "vn_st_sample_mc_i_ve_tracked_you_here_villain_n002_auto",
        "node": "vn_st_sample_mc_i_ve_tracked_you_here_villain_n002"
      },
      {
        "choice": "vn_st_sample_mc_i_ve_tracked_you_here_villain_n003_auto",
        "node": "vn_st_sample_mc_i_ve_tracked_you_here_villain_n003"
      }
    ],
    "node": {
      "choices": [],
      "end": true,
      "id": "vn_st_sample_mc_i_ve_tracked_you_here_villain_end",
      "type": "end"
    },
    "rng": {
      "seed": 1337,
      "uses": 3,
      "value": 1178942230
    },
    "state": {
      "current_node": "vn_st_sample_mc_i_ve_tracked_you_here_villain_end",
      "finished": true,
      "history": [
        {
          "choice": null,
          "node": "vn_st_sample_mc_i_ve_tracked_you_here_villain_n001"
        },
        {
          "choice": "vn_st_sample_mc_i_ve_tracked_you_here_villain_n001_auto",
          "node": "vn_st_sample_mc_i_ve_tracked_you_here_villain_n001"
        },
        {
          "choice": "vn_st_sample_mc_i_ve_tracked_you_here_villain_n002_auto",
          "node": "vn_st_sample_mc_i_ve_tracked_you_here_villain_n002"
        },
        {
          "choice": "vn_st_sample_mc_i_ve_tracked_you_here_villain_n003_auto",
          "node": "vn_st_sample_mc_i_ve_tracked_you_here_villain_n003"
        }
      ],
      "pov": "mc",
      "rng": {
        "seed": 1337,
        "uses": 3,
        "value": 1178942230
      },
      "scene_id": "vn_st_sample_mc_i_ve_tracked_you_here_villain",
      "variables": {}
    },
    "variables_digest": "44136fa355b3678a1146ad16f7e8649e94fb4fc21fe77e8310c060f61caaff8a",
    "worldline": null
  },
  "initial": {
    "assets": {},
    "choices": [
      {
        "id": "vn_st_sample_mc_i_ve_tracked_you_here_villain_n001_auto",
        "label": "I've tracked you here, villain.",
        "target": "vn_st_sample_mc_i_ve_tracked_you_here_villain_n002",
        "weight": 1.0
      }
    ],
    "finished": false,
    "history": [
      {
        "choice": null,
        "node": "vn_st_sample_mc_i_ve_tracked_you_here_villain_n001"
      }
    ],
    "node": {
      "choices": [
        {
          "id": "vn_st_sample_mc_i_ve_tracked_you_here_villain_n001_auto",
          "label": "I've tracked you here, villain.",
          "target": "vn_st_sample_mc_i_ve_tracked_you_here_villain_n002",
          "weight": 1.0
        }
      ],
      "id": "vn_st_sample_mc_i_ve_tracked_you_here_villain_n001",
      "speaker": "mc",
      "text": "I've tracked you here, villain.",
      "type": "dialogue"
    },
    "pov": "mc",
    "rng": {
      "seed": 1337,
      "uses": 0,
      "value": 1337
    },
    "variables": {},
    "variables_digest": "44136fa355b3678a1146ad16f7e8649e94fb4fc21fe77e8310c060f61caaff8a",
    "worldline": null
  },
  "meta": {
    "aborted": false,
    "comfyvn_version": "1.0.0",
    "max_steps": 256,
    "persisted": false,
    "pov": "mc",
    "prompt_packs": [],
    "runner": "HeadlessPlaytestRunner",
    "runner_version": "2025.11",
    "scene_id": "vn_st_sample_mc_i_ve_tracked_you_here_villain",
    "seed": 1337,
    "steps_recorded": 3,
    "workflow": "default",
    "worldline": null
  },
  "provenance": {
    "asset_manifest": {},
    "comfyvn_version": "1.0.0",
    "digest": "e9ad8680011e34a249170d17f37d3bb22f31bf73b4fbc03aa3cf4a7ad9651c1b",
    "pov": "mc",
    "prompt_packs": [],
    "seed": 1337,
    "tool": "HeadlessPlaytestRunner",
    "tool_version": "2025.11",
    "workflow": "default",
    "worldline": null
  },
  "schema_version": "1.0",
  "steps": [
    {
      "assets": {},
      "available_choices": [
        {
          "id": "vn_st_sample_mc_i_ve_tracked_you_here_villain_n002_auto",
          "label": "You should not have come alone.",
          "target": "vn_st_sample_mc_i_ve_tracked_you_here_villain_n003",
          "weight": 1.0
        }
      ],
      "choice_id": "vn_st_sample_mc_i_ve_tracked_you_here_villain_n001_auto",
      "choice_target": "vn_st_sample_mc_i_ve_tracked_you_here_villain_n002",
      "choice_text": "None",
      "finished": false,
      "from_node": "vn_st_sample_mc_i_ve_tracked_you_here_villain_n001",
      "history_length": 2,
      "index": 0,
      "pov": "mc",
      "rng_after": {
        "seed": 1337,
        "uses": 1,
        "value": 3239374148
      },
      "rng_before": {
        "seed": 1337,
        "uses": 0,
        "value": 1337
      },
      "to_node": "vn_st_sample_mc_i_ve_tracked_you_here_villain_n002",
      "variables": {},
      "variables_digest": "44136fa355b3678a1146ad16f7e8649e94fb4fc21fe77e8310c060f61caaff8a"
    },
    {
      "assets": {},
      "available_choices": [
        {
          "id": "vn_st_sample_mc_i_ve_tracked_you_here_villain_n003_auto",
          "label": "Justice answers fear.",
          "target": "vn_st_sample_mc_i_ve_tracked_you_here_villain_end",
          "weight": 1.0
        }
      ],
      "choice_id": "vn_st_sample_mc_i_ve_tracked_you_here_villain_n002_auto",
      "choice_target": "vn_st_sample_mc_i_ve_tracked_you_here_villain_n003",
      "choice_text": "None",
      "finished": false,
      "from_node": "vn_st_sample_mc_i_ve_tracked_you_here_villain_n002",
      "history_length": 3,
      "index": 1,
      "pov": "mc",
      "rng_after": {
        "seed": 1337,
        "uses": 2,
        "value": 2360088531
      },
      "rng_before": {
        "seed": 1337,
        "uses": 1,
        "value": 3239374148
      },
      "to_node": "vn_st_sample_mc_i_ve_tracked_you_here_villain_n003",
      "variables": {},
      "variables_digest": "44136fa355b3678a1146ad16f7e8649e94fb4fc21fe77e8310c060f61caaff8a"
    },
    {
      "assets": {},
      "available_choices": [],
      "choice_id": "vn_st_sample_mc_i_ve_tracked_you_here_villain_n003_auto",
      "choice_target": "vn_st_sample_mc_i_ve_tracked_you_here_villain_end",
      "choice_text": "None",
      "finished": true,
      "from_node": "vn_st_sample_mc_i_ve_tracked_you_here_villain_n003",
      "history_length": 4,
      "index": 2,
      "pov": "mc",
      "rng_after": {
        "seed": 1337,
        "uses": 3,
        "value": 1178942230
      },
      "rng_before": {
        "seed": 1337,
        "uses": 2,
        "value": 2360088531
      },
      "to_node": "vn_st_sample_mc_i_ve_tracked_you_here_villain_end",
      "variables": {},
      "variables_digest": "44136fa355b3678a1146ad16f7e8649e94fb4fc21fe77e8310c060f61caaff8a"
    }
  ]
}